2d1
< TERM=xterm-256color
3a3
> TERM=xterm-256color
6d5
< ZDOTDIR=/var/folders/zz/zyxvpxvq6csfxvn_n000ccy800337k/T/mialbert-vscode-zsh
8d6
< ORIGINAL_XDG_CURRENT_DESKTOP=undefined
9a8,9
> ORIGINAL_XDG_CURRENT_DESKTOP=undefined
> ZDOTDIR=/var/folders/zz/zyxvpxvq6csfxvn_n000ccy800337k/T/mialbert-vscode-zsh
12c12
< SSH_AUTH_SOCK=/private/tmp/com.apple.launchd.JU0I7omyVx/Listeners
---
> SSH_AUTH_SOCK=/private/tmp/com.apple.launchd.B3j2mm6RZ1/Listeners
13a14
> something=blue
15c16
< LaunchInstanceID=A587C499-8059-42CC-B14D-C5001FB17E6E
---
> LaunchInstanceID=D4A71234-74C4-439E-B72C-5BD87B66E925
19,20d19
< VSCODE_GIT_ASKPASS_EXTRA_ARGS=--ms-enable-electron-run-as-node
< SSH_ASKPASS_REQUIRE=force
22c21,22
< SSH_ASKPASS=/Users/mialbert/Downloads/Visual Studio Code - Insiders.app/Contents/Resources/app/extensions/git/dist/ssh-askpass.sh
---
> SSH_ASKPASS_REQUIRE=force
> VSCODE_GIT_ASKPASS_EXTRA_ARGS=--ms-enable-electron-run-as-node
23a24
> SSH_ASKPASS=/Users/mialbert/Downloads/Visual Studio Code - Insiders.app/Contents/Resources/app/extensions/git/dist/ssh-askpass.sh
25d25
< SHLVL=2
26a27
> SHLVL=4
30d30
< VSCODE_GIT_ASKPASS_NODE=/Users/mialbert/Downloads/Visual Studio Code - Insiders.app/Contents/Frameworks/Code - Insiders Helper.app/Contents/MacOS/Code - Insiders Helper
31a32
> VSCODE_GIT_ASKPASS_NODE=/Users/mialbert/Downloads/Visual Studio Code - Insiders.app/Contents/Frameworks/Code - Insiders Helper.app/Contents/MacOS/Code - Insiders Helper
35d35
< something=blue
